[0.011s][info][gc] Using G1
[0.220s][info][gc] GC(0) Pause Young (Normal) (G1 Evacuation Pause) 103M->2M(2064M) 1.272ms
[0.277s][info][gc] GC(1) Pause Young (Normal) (G1 Evacuation Pause) 124M->2M(2064M) 0.700ms
[1.145s][info][gc] GC(2) Pause Young (Normal) (G1 Evacuation Pause) 1238M->2M(2064M) 1.103ms
[1.517s][info][gc] GC(3) Pause Young (Normal) (G1 Evacuation Pause) 1238M->2M(2064M) 0.775ms
[1.893s][info][gc] GC(4) Pause Young (Normal) (G1 Evacuation Pause) 1238M->2M(2064M) 0.882ms
[2.280s][info][gc] GC(5) Pause Young (Normal) (G1 Evacuation Pause) 1238M->2M(2064M) 0.821ms
[2.717s][info][gc] GC(6) Pause Young (Normal) (G1 Evacuation Pause) 1238M->2M(2064M) 0.855ms
[3.114s][info][gc] GC(7) Pause Young (Normal) (G1 Evacuation Pause) 1238M->2M(2064M) 0.797ms
[3.512s][info][gc] GC(8) Pause Young (Normal) (G1 Evacuation Pause) 1238M->2M(2064M) 0.944ms
[3.915s][info][gc] GC(9) Pause Young (Normal) (G1 Evacuation Pause) 1238M->2M(2064M) 0.928ms
[4.309s][info][gc] GC(10) Pause Young (Normal) (G1 Evacuation Pause) 1238M->2M(2064M) 0.858ms
[4.699s][info][gc] GC(11) Pause Young (Normal) (G1 Evacuation Pause) 1238M->2M(2064M) 0.936ms
[5.107s][info][gc] GC(12) Pause Young (Normal) (G1 Evacuation Pause) 1238M->2M(2064M) 1.149ms
[5.494s][info][gc] GC(13) Pause Young (Normal) (G1 Evacuation Pause) 1238M->2M(2064M) 0.955ms
