[2023-02-18T18:57:32.671+0300][0.013s][info][gc] Using G1
[2023-02-18T18:57:32.770+0300][0.112s][info][gc] GC(0) Pause Young (Normal) (G1 Evacuation Pause) 23M->1M(76M) 0.623ms
[2023-02-18T18:57:32.805+0300][0.147s][info][gc] GC(1) Pause Young (Normal) (G1 Evacuation Pause) 45M->1M(76M) 0.389ms
[2023-02-18T18:57:32.828+0300][0.170s][info][gc] GC(2) Pause Young (Normal) (G1 Evacuation Pause) 45M->1M(76M) 0.326ms
[2023-02-18T18:57:32.851+0300][0.193s][info][gc] GC(3) Pause Young (Normal) (G1 Evacuation Pause) 45M->1M(76M) 0.296ms
[2023-02-18T18:57:32.874+0300][0.217s][info][gc] GC(4) Pause Young (Normal) (G1 Evacuation Pause) 45M->1M(76M) 0.401ms
[2023-02-18T18:57:32.898+0300][0.240s][info][gc] GC(5) Pause Young (Normal) (G1 Evacuation Pause) 45M->1M(76M) 0.523ms
[2023-02-18T18:57:32.922+0300][0.264s][info][gc] GC(6) Pause Young (Normal) (G1 Evacuation Pause) 45M->1M(76M) 0.428ms
[2023-02-18T18:57:32.947+0300][0.289s][info][gc] GC(7) Pause Young (Normal) (G1 Evacuation Pause) 45M->1M(76M) 0.645ms
[2023-02-18T18:57:32.970+0300][0.312s][info][gc] GC(8) Pause Young (Normal) (G1 Evacuation Pause) 45M->1M(76M) 0.403ms
[2023-02-18T18:57:32.993+0300][0.335s][info][gc] GC(9) Pause Young (Normal) (G1 Evacuation Pause) 45M->1M(76M) 0.351ms
[2023-02-18T18:57:33.016+0300][0.358s][info][gc] GC(10) Pause Young (Normal) (G1 Evacuation Pause) 45M->1M(76M) 0.356ms
[2023-02-18T18:57:33.039+0300][0.381s][info][gc] GC(11) Pause Young (Normal) (G1 Evacuation Pause) 45M->1M(76M) 0.328ms
[2023-02-18T18:57:33.063+0300][0.405s][info][gc] GC(12) Pause Young (Normal) (G1 Evacuation Pause) 45M->1M(76M) 0.341ms
[2023-02-18T18:57:33.086+0300][0.428s][info][gc] GC(13) Pause Young (Normal) (G1 Evacuation Pause) 45M->1M(76M) 0.350ms
[2023-02-18T18:57:33.109+0300][0.451s][info][gc] GC(14) Pause Young (Normal) (G1 Evacuation Pause) 45M->1M(76M) 0.316ms
[2023-02-18T18:57:33.132+0300][0.474s][info][gc] GC(15) Pause Young (Normal) (G1 Evacuation Pause) 45M->1M(76M) 0.356ms
[2023-02-18T18:57:33.167+0300][0.509s][info][gc] GC(16) Pause Young (Normal) (G1 Evacuation Pause) 45M->1M(76M) 0.221ms
[2023-02-18T18:57:33.202+0300][0.544s][info][gc] GC(17) Pause Young (Normal) (G1 Evacuation Pause) 45M->1M(76M) 0.319ms
[2023-02-18T18:57:33.237+0300][0.579s][info][gc] GC(18) Pause Young (Normal) (G1 Evacuation Pause) 45M->1M(76M) 0.334ms
[2023-02-18T18:57:33.272+0300][0.615s][info][gc] GC(19) Pause Young (Normal) (G1 Evacuation Pause) 45M->1M(76M) 0.382ms
[2023-02-18T18:57:33.307+0300][0.650s][info][gc] GC(20) Pause Young (Normal) (G1 Evacuation Pause) 45M->1M(76M) 0.469ms
[2023-02-18T18:57:33.342+0300][0.684s][info][gc] GC(21) Pause Young (Normal) (G1 Evacuation Pause) 45M->1M(76M) 0.324ms
[2023-02-18T18:57:33.377+0300][0.719s][info][gc] GC(22) Pause Young (Normal) (G1 Evacuation Pause) 45M->1M(76M) 0.583ms
[2023-02-18T18:57:33.414+0300][0.756s][info][gc] GC(23) Pause Young (Normal) (G1 Evacuation Pause) 45M->1M(76M) 0.324ms
[2023-02-18T18:57:33.448+0300][0.791s][info][gc] GC(24) Pause Young (Normal) (G1 Evacuation Pause) 45M->1M(76M) 0.298ms
[2023-02-18T18:57:33.485+0300][0.827s][info][gc] GC(25) Pause Young (Normal) (G1 Evacuation Pause) 45M->1M(76M) 0.283ms
[2023-02-18T18:57:33.525+0300][0.867s][info][gc] GC(26) Pause Young (Normal) (G1 Evacuation Pause) 45M->1M(76M) 0.294ms
[2023-02-18T18:57:33.562+0300][0.904s][info][gc] GC(27) Pause Young (Normal) (G1 Evacuation Pause) 45M->1M(76M) 0.446ms
[2023-02-18T18:57:33.598+0300][0.941s][info][gc] GC(28) Pause Young (Normal) (G1 Evacuation Pause) 45M->1M(76M) 0.206ms
[2023-02-18T18:57:33.634+0300][0.976s][info][gc] GC(29) Pause Young (Normal) (G1 Evacuation Pause) 45M->1M(76M) 0.241ms
[2023-02-18T18:57:33.670+0300][1.012s][info][gc] GC(30) Pause Young (Normal) (G1 Evacuation Pause) 45M->1M(76M) 0.293ms
[2023-02-18T18:57:33.706+0300][1.048s][info][gc] GC(31) Pause Young (Normal) (G1 Evacuation Pause) 45M->1M(76M) 0.247ms
[2023-02-18T18:57:33.742+0300][1.084s][info][gc] GC(32) Pause Young (Normal) (G1 Evacuation Pause) 45M->1M(76M) 0.231ms
[2023-02-18T18:57:33.778+0300][1.120s][info][gc] GC(33) Pause Young (Normal) (G1 Evacuation Pause) 45M->1M(76M) 0.251ms
[2023-02-18T18:57:33.814+0300][1.156s][info][gc] GC(34) Pause Young (Normal) (G1 Evacuation Pause) 45M->1M(76M) 0.276ms
