[2023-02-18T18:57:58.702+0300][0.027s][info][gc] Using G1
[2023-02-18T18:57:58.774+0300][0.100s][info][gc] GC(0) Pause Young (Normal) (G1 Evacuation Pause) 23M->1M(90M) 0.633ms
[2023-02-18T18:57:58.819+0300][0.144s][info][gc] GC(1) Pause Young (Normal) (G1 Evacuation Pause) 54M->1M(90M) 0.417ms
[2023-02-18T18:57:58.848+0300][0.173s][info][gc] GC(2) Pause Young (Normal) (G1 Evacuation Pause) 54M->1M(90M) 0.331ms
[2023-02-18T18:57:58.876+0300][0.202s][info][gc] GC(3) Pause Young (Normal) (G1 Evacuation Pause) 54M->1M(90M) 0.449ms
[2023-02-18T18:57:58.904+0300][0.229s][info][gc] GC(4) Pause Young (Normal) (G1 Evacuation Pause) 54M->1M(90M) 0.370ms
[2023-02-18T18:57:58.933+0300][0.258s][info][gc] GC(5) Pause Young (Normal) (G1 Evacuation Pause) 54M->1M(90M) 0.333ms
[2023-02-18T18:57:58.962+0300][0.287s][info][gc] GC(6) Pause Young (Normal) (G1 Evacuation Pause) 54M->1M(90M) 0.446ms
[2023-02-18T18:57:58.990+0300][0.315s][info][gc] GC(7) Pause Young (Normal) (G1 Evacuation Pause) 54M->1M(90M) 0.353ms
[2023-02-18T18:57:59.017+0300][0.343s][info][gc] GC(8) Pause Young (Normal) (G1 Evacuation Pause) 54M->1M(90M) 0.324ms
[2023-02-18T18:57:59.045+0300][0.371s][info][gc] GC(9) Pause Young (Normal) (G1 Evacuation Pause) 54M->1M(90M) 0.401ms
[2023-02-18T18:57:59.073+0300][0.399s][info][gc] GC(10) Pause Young (Normal) (G1 Evacuation Pause) 54M->1M(90M) 0.403ms
[2023-02-18T18:57:59.101+0300][0.427s][info][gc] GC(11) Pause Young (Normal) (G1 Evacuation Pause) 54M->1M(90M) 0.335ms
[2023-02-18T18:57:59.129+0300][0.455s][info][gc] GC(12) Pause Young (Normal) (G1 Evacuation Pause) 54M->1M(90M) 0.339ms
[2023-02-18T18:57:59.157+0300][0.482s][info][gc] GC(13) Pause Young (Normal) (G1 Evacuation Pause) 54M->1M(90M) 0.514ms
[2023-02-18T18:57:59.186+0300][0.511s][info][gc] GC(14) Pause Young (Normal) (G1 Evacuation Pause) 54M->1M(90M) 0.351ms
[2023-02-18T18:57:59.214+0300][0.539s][info][gc] GC(15) Pause Young (Normal) (G1 Evacuation Pause) 54M->1M(90M) 0.335ms
[2023-02-18T18:57:59.257+0300][0.582s][info][gc] GC(16) Pause Young (Normal) (G1 Evacuation Pause) 54M->1M(90M) 0.242ms
[2023-02-18T18:57:59.299+0300][0.625s][info][gc] GC(17) Pause Young (Normal) (G1 Evacuation Pause) 54M->1M(90M) 0.300ms
[2023-02-18T18:57:59.342+0300][0.667s][info][gc] GC(18) Pause Young (Normal) (G1 Evacuation Pause) 54M->1M(90M) 0.225ms
[2023-02-18T18:57:59.385+0300][0.711s][info][gc] GC(19) Pause Young (Normal) (G1 Evacuation Pause) 54M->1M(90M) 0.240ms
[2023-02-18T18:57:59.429+0300][0.754s][info][gc] GC(20) Pause Young (Normal) (G1 Evacuation Pause) 54M->1M(90M) 0.298ms
[2023-02-18T18:57:59.472+0300][0.797s][info][gc] GC(21) Pause Young (Normal) (G1 Evacuation Pause) 54M->1M(90M) 0.276ms
[2023-02-18T18:57:59.514+0300][0.839s][info][gc] GC(22) Pause Young (Normal) (G1 Evacuation Pause) 54M->1M(90M) 0.258ms
[2023-02-18T18:57:59.557+0300][0.882s][info][gc] GC(23) Pause Young (Normal) (G1 Evacuation Pause) 54M->1M(90M) 0.221ms
[2023-02-18T18:57:59.600+0300][0.926s][info][gc] GC(24) Pause Young (Normal) (G1 Evacuation Pause) 54M->1M(90M) 0.237ms
[2023-02-18T18:57:59.644+0300][0.969s][info][gc] GC(25) Pause Young (Normal) (G1 Evacuation Pause) 54M->1M(90M) 0.277ms
[2023-02-18T18:57:59.687+0300][1.013s][info][gc] GC(26) Pause Young (Normal) (G1 Evacuation Pause) 54M->1M(90M) 0.303ms
[2023-02-18T18:57:59.731+0300][1.056s][info][gc] GC(27) Pause Young (Normal) (G1 Evacuation Pause) 54M->1M(90M) 0.240ms
[2023-02-18T18:57:59.775+0300][1.100s][info][gc] GC(28) Pause Young (Normal) (G1 Evacuation Pause) 54M->1M(90M) 0.238ms
