[2023-02-18T18:59:19.559+0300][0.012s][info][gc] Using G1
[2023-02-18T18:59:19.639+0300][0.092s][info][gc] GC(0) Pause Young (Normal) (G1 Evacuation Pause) 23M->1M(264M) 0.725ms
[2023-02-18T18:59:19.732+0300][0.185s][info][gc] GC(1) Pause Young (Normal) (G1 Evacuation Pause) 103M->1M(264M) 0.486ms
[2023-02-18T18:59:19.840+0300][0.294s][info][gc] GC(2) Pause Young (Normal) (G1 Evacuation Pause) 158M->1M(264M) 0.522ms
[2023-02-18T18:59:19.925+0300][0.379s][info][gc] GC(3) Pause Young (Normal) (G1 Evacuation Pause) 158M->1M(264M) 0.475ms
[2023-02-18T18:59:20.006+0300][0.460s][info][gc] GC(4) Pause Young (Normal) (G1 Evacuation Pause) 158M->1M(264M) 0.746ms
[2023-02-18T18:59:20.090+0300][0.543s][info][gc] GC(5) Pause Young (Normal) (G1 Evacuation Pause) 158M->1M(264M) 0.854ms
[2023-02-18T18:59:20.173+0300][0.626s][info][gc] GC(6) Pause Young (Normal) (G1 Evacuation Pause) 158M->1M(264M) 0.639ms
[2023-02-18T18:59:20.254+0300][0.708s][info][gc] GC(7) Pause Young (Normal) (G1 Evacuation Pause) 158M->1M(264M) 0.446ms
[2023-02-18T18:59:20.336+0300][0.789s][info][gc] GC(8) Pause Young (Normal) (G1 Evacuation Pause) 158M->1M(264M) 0.784ms
[2023-02-18T18:59:20.416+0300][0.870s][info][gc] GC(9) Pause Young (Normal) (G1 Evacuation Pause) 158M->1M(264M) 0.724ms
